Test write successful
CWD: C:\Users\HP\Documents\fmos-mfmc
openpyxl imported successfully
